Calculating task graph as configuration cache cannot be reused because environment variable 'TERM' has changed.
WARNING: We recommend using a newer Android Gradle plugin to use compileSdk = 36

This Android Gradle plugin (8.7.3) was tested up to compileSdk = 35.

You are strongly encouraged to update your project to use a newer
Android Gradle plugin that has been tested with compileSdk = 36.

If you are already using the latest version of the Android Gradle plugin,
you may need to wait until a newer version with support for compileSdk = 36 is available.

For more information refer to the compatibility table:
https://d.android.com/r/tools/api-level-support

To suppress this warning, add/update
    android.suppressUnsupportedCompileSdk=36
to this project's gradle.properties.
> Task :app:preBuild UP-TO-DATE
> Task :app:checkKotlinGradlePluginConfigurationErrors SKIPPED
> Task :app:preDebugBuild UP-TO-DATE
> Task :app:generateDebugResValues
> Task :app:createDebugCompatibleScreenManifests
> Task :app:checkDebugAarMetadata
> Task :app:extractDeepLinksDebug
> Task :app:generateDebugResources
> Task :app:mapDebugSourceSetPaths
> Task :app:packageDebugResources
> Task :app:parseDebugLocalResources
> Task :app:processDebugMainManifest
> Task :app:processDebugManifest
> Task :app:processDebugManifestForPackage
> Task :app:mergeDebugResources

> Task :app:processDebugResources
WARNING: We recommend using a newer Android Gradle plugin to use compileSdk = 36

This Android Gradle plugin (8.7.3) was tested up to compileSdk = 35.

You are strongly encouraged to update your project to use a newer
Android Gradle plugin that has been tested with compileSdk = 36.

If you are already using the latest version of the Android Gradle plugin,
you may need to wait until a newer version with support for compileSdk = 36 is available.

For more information refer to the compatibility table:
https://d.android.com/r/tools/api-level-support

To suppress this warning, add/update
    android.suppressUnsupportedCompileSdk=36
to this project's gradle.properties.

> Task :app:kspDebugKotlin
gradle.bat : e: java.lang.IllegalStateException
: Storage for [G:\code\one-money-clone\moneyiq\
app\build\kspCaches\debug\symbolLookups\file-to
-id.tab] is already registered
At line:3 char:1
+ & $gradleBat :app:compileDebugKotlin --rerun-
tasks *> "G:\code\one-mo ...
+ ~~~~~~~~~~~~~~~~~~~~~~~~~~~~~~~~~~~~~~~~~~~~~
~~~~~~~~~~~~~~~~~~~~~~~~
    + CategoryInfo          : NotSpecified: (e 
   : java.lang.Il...eady registered:String) [  
  ], RemoteException
    + FullyQualifiedErrorId : NativeCommandErr 
   or
 
	at org.jetbrains.kotlin.com.intellij.util.io.F
ilePageCache.registerPagedFileStorage(FilePageC
ache.java:410)
	at org.jetbrains.kotlin.com.intellij.util.io.P
agedFileStorage.<init>(PagedFileStorage.java:72
)
	at org.jetbrains.kotlin.com.intellij.util.io.R
esizeableMappedFile.<init>(ResizeableMappedFile
.java:55)
	at org.jetbrains.kotlin.com.intellij.util.io.P
ersistentBTreeEnumerator.<init>(PersistentBTree
Enumerator.java:128)
	at org.jetbrains.kotlin.com.intellij.util.io.P
ersistentEnumerator.createDefaultEnumerator(Per
sistentEnumerator.java:52)
	at org.jetbrains.kotlin.com.intellij.util.io.P
ersistentMapImpl.<init>(PersistentMapImpl.java:
165)
	at org.jetbrains.kotlin.com.intellij.util.io.P
ersistentMapImpl.<init>(PersistentMapImpl.java:
140)
	at org.jetbrains.kotlin.com.intellij.util.io.P
ersistentMapBuilder.buildImplementation(Persist
entMapBuilder.java:88)
	at org.jetbrains.kotlin.com.intellij.util.io.P
ersistentMapBuilder.build(PersistentMapBuilder.
java:71)
	at org.jetbrains.kotlin.com.intellij.util.io.P
ersistentHashMap.<init>(PersistentHashMap.java:
45)
	at org.jetbrains.kotlin.com.intellij.util.io.P
ersistentHashMap.<init>(PersistentHashMap.java:
71)
	at org.jetbrains.kotlin.incremental.storage.La
zyStorage.createMap(LazyStorage.kt:62)
	at org.jetbrains.kotlin.incremental.storage.La
zyStorage.getStorageOrCreateNew(LazyStorage.kt:
59)
	at org.jetbrains.kotlin.incremental.storage.La
zyStorage.set(LazyStorage.kt:80)
	at org.jetbrains.kotlin.incremental.storage.Pe
rsistentStorageWrapper.set(PersistentStorage.kt
:109)
	at org.jetbrains.kotlin.incremental.LookupStor
age.addFileIfNeeded(LookupStorage.kt:164)
	at org.jetbrains.kotlin.incremental.LookupStor
age.addAll$lambda$4(LookupStorage.kt:117)
	at org.jetbrains.kotlin.utils.CollectionsKt.ke
ysToMap(collections.kt:117)
	at org.jetbrains.kotlin.incremental.LookupStor
age.addAll(LookupStorage.kt:117)
	at org.jetbrains.kotlin.incremental.BuildUtilK
t.update(buildUtil.kt:134)
	at com.google.devtools.ksp.LookupStorageWrappe
rImpl.update(IncrementalContext.kt:231)
	at com.google.devtools.ksp.common.IncrementalC
ontextBase.updateLookupCache(IncrementalContext
Base.kt:133)
	at com.google.devtools.ksp.common.IncrementalC
ontextBase.updateCaches(IncrementalContextBase.
kt:365)
	at com.google.devtools.ksp.common.IncrementalC
ontextBase.access$updateCaches(IncrementalConte
xtBase.kt:62)
	at com.google.devtools.ksp.common.IncrementalC
ontextBase$updateCachesAndOutputs$1.invoke(Incr
ementalContextBase.kt:476)
	at com.google.devtools.ksp.common.IncrementalC
ontextBase$updateCachesAndOutputs$1.invoke(Incr
ementalContextBase.kt:428)
	at com.google.devtools.ksp.common.IncrementalC
ontextBase.closeFilesOnException(IncrementalCon
textBase.kt:408)
	at com.google.devtools.ksp.common.IncrementalC
ontextBase.updateCachesAndOutputs(IncrementalCo
ntextBase.kt:428)
	at com.google.devtools.ksp.AbstractKotlinSymbo
lProcessingExtension.doAnalysis(KotlinSymbolPro
cessingExtension.kt:376)
	at org.jetbrains.kotlin.cli.jvm.compiler.TopDo
wnAnalyzerFacadeForJVM.analyzeFilesWithJavaInte
gration(TopDownAnalyzerFacadeForJVM.kt:112)
	at org.jetbrains.kotlin.cli.jvm.compiler.TopDo
wnAnalyzerFacadeForJVM.analyzeFilesWithJavaInte
gration$default(TopDownAnalyzerFacadeForJVM.kt:
75)
	at org.jetbrains.kotlin.cli.jvm.compiler.Kotli
nToJVMBytecodeCompiler.analyze$lambda$9(KotlinT
oJVMBytecodeCompiler.kt:356)
	at org.jetbrains.kotlin.cli.common.messages.An
alyzerWithCompilerReport.analyzeAndReport(Analy
zerWithCompilerReport.kt:112)
	at org.jetbrains.kotlin.cli.jvm.compiler.Kotli
nToJVMBytecodeCompiler.analyze(KotlinToJVMBytec
odeCompiler.kt:347)
	at org.jetbrains.kotlin.cli.jvm.compiler.Kotli
nToJVMBytecodeCompiler.repeatAnalysisIfNeeded(K
otlinToJVMBytecodeCompiler.kt:264)
	at org.jetbrains.kotlin.cli.jvm.compiler.Kotli
nToJVMBytecodeCompiler.repeatAnalysisIfNeeded(K
otlinToJVMBytecodeCompiler.kt:264)
	at org.jetbrains.kotlin.cli.jvm.compiler.Kotli
nToJVMBytecodeCompiler.runFrontendAndGenerateIr
UsingClassicFrontend(KotlinToJVMBytecodeCompile
r.kt:177)
	at org.jetbrains.kotlin.cli.jvm.compiler.Kotli
nToJVMBytecodeCompiler.compileModules$cli(Kotli
nToJVMBytecodeCompiler.kt:102)
	at org.jetbrains.kotlin.cli.jvm.K2JVMCompiler.
doExecute(K2JVMCompiler.kt:169)
	at org.jetbrains.kotlin.cli.jvm.K2JVMCompiler.
doExecute(K2JVMCompiler.kt:43)
	at org.jetbrains.kotlin.cli.common.CLICompiler
.execImpl(CLICompiler.kt:102)
	at org.jetbrains.kotlin.cli.common.CLICompiler
.exec(CLICompiler.kt:316)
	at org.jetbrains.kotlin.daemon.CompileServiceI
mpl.compile(CompileServiceImpl.kt:1554)
	at java.base/jdk.internal.reflect.DirectMethod
HandleAccessor.invoke(Unknown Source)
	at java.base/java.lang.reflect.Method.invoke(U
nknown Source)
	at java.rmi/sun.rmi.server.UnicastServerRef.di
spatch(Unknown Source)
	at java.rmi/sun.rmi.transport.Transport$1.run(
Unknown Source)
	at java.rmi/sun.rmi.transport.Transport$1.run(
Unknown Source)
	at java.base/java.security.AccessController.do
Privileged(Unknown Source)
	at java.rmi/sun.rmi.transport.Transport.servic
eCall(Unknown Source)
	at java.rmi/sun.rmi.transport.tcp.TCPTransport
.handleMessages(Unknown Source)
	at java.rmi/sun.rmi.transport.tcp.TCPTransport
$ConnectionHandler.run0(Unknown Source)
	at java.rmi/sun.rmi.transport.tcp.TCPTransport
$ConnectionHandler.lambda$run$0(Unknown Source)
	at java.base/java.security.AccessController.do
Privileged(Unknown Source)
	at java.rmi/sun.rmi.transport.tcp.TCPTransport
$ConnectionHandler.run(Unknown Source)
	at java.base/java.util.concurrent.ThreadPoolEx
ecutor.runWorker(Unknown Source)
	at java.base/java.util.concurrent.ThreadPoolEx
ecutor$Worker.run(Unknown Source)
	at java.base/java.lang.Thread.run(Unknown Sour
ce)
	Suppressed: java.lang.Exception: Storage[G:\co
de\one-money-clone\moneyiq\app\build\kspCaches\
debug\symbolLookups\file-to-id.tab] registratio
n stack trace
		at org.jetbrains.kotlin.com.intellij.util.io.
FilePageCache.registerPagedFileStorage(FilePage
Cache.java:437)
		at org.jetbrains.kotlin.com.intellij.util.io.
PagedFileStorage.<init>(PagedFileStorage.java:7
2)
		at org.jetbrains.kotlin.com.intellij.util.io.
ResizeableMappedFile.<init>(ResizeableMappedFil
e.java:55)
		at org.jetbrains.kotlin.com.intellij.util.io.
PersistentBTreeEnumerator.<init>(PersistentBTre
eEnumerator.java:128)
		at org.jetbrains.kotlin.com.intellij.util.io.
PersistentEnumerator.createDefaultEnumerator(Pe
rsistentEnumerator.java:52)
		at org.jetbrains.kotlin.com.intellij.util.io.
PersistentMapImpl.<init>(PersistentMapImpl.java
:165)
		at org.jetbrains.kotlin.com.intellij.util.io.
PersistentMapImpl.<init>(PersistentMapImpl.java
:140)
		at org.jetbrains.kotlin.com.intellij.util.io.
PersistentMapBuilder.buildImplementation(Persis
tentMapBuilder.java:88)
		at org.jetbrains.kotlin.com.intellij.util.io.
PersistentMapBuilder.build(PersistentMapBuilder
.java:71)
		at org.jetbrains.kotlin.com.intellij.util.io.
PersistentHashMap.<init>(PersistentHashMap.java
:45)
		at org.jetbrains.kotlin.com.intellij.util.io.
PersistentHashMap.<init>(PersistentHashMap.java
:71)
		at org.jetbrains.kotlin.incremental.storage.L
azyStorage.createMap(LazyStorage.kt:62)
		at org.jetbrains.kotlin.incremental.storage.L
azyStorage.getStorageIfExists(LazyStorage.kt:53
)
		at org.jetbrains.kotlin.incremental.storage.L
azyStorage.get(LazyStorage.kt:76)
		at org.jetbrains.kotlin.incremental.storage.P
ersistentStorageWrapper.get(PersistentStorage.k
t:105)
		at org.jetbrains.kotlin.incremental.LookupSto
rage.removeLookupsFrom(LookupStorage.kt:131)
		at org.jetbrains.kotlin.incremental.BuildUtil
Kt.update(buildUtil.kt:132)
		... 38 more


> Task :app:kspDebugKotlin FAILED

FAILURE: Build failed with an exception.

* What went wrong:
Execution failed for task ':app:kspDebugKotlin'
.
> A failure occurred while executing org.jetbra
ins.kotlin.compilerRunner.GradleCompilerRunnerW
ithWorkers$GradleKotlinCompilerWorkAction
   > Internal compiler error. See log for more 
details

* Try:
> Run with --stacktrace option to get the stack
 trace.
> Run with --info or --debug option to get more
 log output.
> Run with --scan to get full insights.
> Get more help at https://help.gradle.org.

BUILD FAILED in 10s
14 actionable tasks: 14 executed
Configuration cache entry stored.
